// Vitest Snapshot v1, https://vitest.dev/guide/snapshot.html

exports[`About page > should render the page 1`] = `
<div>
  <div
    class="sc-gtsqUy qFqbA"
  >
    <main
      class="sc-bdnyFh cOrhoO"
    >
      <h1
        class="sc-gKAaef ljqyJc"
      >
        About Page
      </h1>
      <p
        class="sc-iCoHzw jGcKYw"
      >
        Get started by editing
        <code
          class="sc-jSFipO cMRfmt"
        >
          pages/about.tsx
        </code>
      </p>
      <h1
        class="sc-gKAaef ljqyJc"
      >
        Lorem ipsum dolor sit amet
      </h1>
      <p
        class="sc-iCoHzw jGcKYw"
      >
        Lorem ipsum dolor sit amet, consectetur adipiscing elit. Nulla euismod, nisl eget ultricies ultrices, nunc nisl aliquam nunc, vitae aliquam nisl nunc eu
      </p>
      <div
        class="sc-dlniIP RElFz"
      >
        <div
          class="sc-hKFymg gVqXtY"
        >
          <a
            class="sc-eCAqax jVKTjr"
            href="/"
          >
            ‚Üê Go Back
          </a>
        </div>
      </div>
    </main>
  </div>
</div>
`;
